// Jest Snapshot v1, https://goo.gl/fbAQLP

exports[`<HomePage /> renders ok 1`] = `
<div
  className="jumbotron"
>
  <h2
    className="display-4"
  >
    Welcome to Brastlewark village
  </h2>
  <p
    className="lead"
  >
    React web application demo
  </p>
  <hr
    className="my-4"
  />
  <p>
    Go to About page to get started using the application
  </p>
  <a
    className="btn btn-primary btn-lg"
    href="/about"
    onClick={[Function]}
  >
     
    About...
     
  </a>
</div>
`;
