// Jest Snapshot v1, https://goo.gl/fbAQLP

exports[`<HabitantDetails /> renders ok 1`] = `
Array [
  <h2
    className="my-3 display-4"
  >
    Cogwitz Bittergrill
  </h2>,
  <hr />,
  <div>
    <div
      className="container"
    >
      <div
        className="row"
      >
        <div
          className="col-3"
        >
          <div
            className="card"
            style={
              Object {
                "width": "18rem",
              }
            }
          >
            <div
              className="lazyload-placeholder"
              style={
                Object {
                  "height": undefined,
                }
              }
            />
            <div
              className="card-body"
            >
              <div
                className="card-title h5"
              >
                Cogwitz Bittergrill
              </div>
              <div
                className="container"
                style={
                  Object {
                    "weight": "100%",
                  }
                }
              >
                <dl
                  className="row"
                >
                  <dt
                    className="col-sm-6"
                  >
                     
                    Age:
                  </dt>
                  <dd
                    className="col-sm-6"
                  >
                     
                    127
                  </dd>
                  <dt
                    className="col-sm-6"
                  >
                     
                    Hair Color:
                  </dt>
                  <dd
                    className="col-sm-6"
                  >
                     
                    Black
                  </dd>
                  <dt
                    className="col-sm-6"
                  >
                     
                    Weight:
                  </dt>
                  <dd
                    className="col-sm-6"
                  >
                     
                    40.075
                  </dd>
                  <dt
                    className="col-sm-6"
                  >
                     
                    Height:
                  </dt>
                  <dd
                    className="col-sm-6"
                  >
                     
                    93.663
                  </dd>
                </dl>
                <hr />
                <div
                  className="row"
                >
                  <dl
                    className="row"
                  >
                    <dt
                      className="col-sm-6"
                    >
                      Professions:
                    </dt>
                    <dd
                      className="col-sm-6"
                    >
                        
                    </dd>
                    <dt
                      className="col-sm-6"
                    >
                       
                    </dt>
                    <dd
                      className="col-sm-6 "
                    >
                      Prospector
                    </dd>
                    <dt
                      className="col-sm-6"
                    >
                       
                    </dt>
                    <dd
                      className="col-sm-6 "
                    >
                       Tinker
                    </dd>
                    <dt
                      className="col-sm-6"
                    >
                       
                    </dt>
                    <dd
                      className="col-sm-6 "
                    >
                      Baker
                    </dd>
                    <dt
                      className="col-sm-6"
                    >
                       
                    </dt>
                    <dd
                      className="col-sm-6 "
                    >
                      Tailor
                    </dd>
                    <dt
                      className="col-sm-6"
                    >
                       
                    </dt>
                    <dd
                      className="col-sm-6 "
                    >
                      Leatherworker
                    </dd>
                    <dt
                      className="col-sm-6"
                    >
                       
                    </dt>
                    <dd
                      className="col-sm-6 "
                    >
                      Sculptor
                    </dd>
                  </dl>
                </div>
              </div>
            </div>
          </div>
        </div>
        <div
          className="col-9"
        >
          <h3
            className="m-4"
          >
            Friends
          </h3>
          <span
            className="d-inline-block m-4 full-width"
          >
            <div
              className="full-width media"
            >
              <div
                className="lazyload-placeholder"
                style={
                  Object {
                    "height": undefined,
                  }
                }
              />
              <div
                className="full-width media-body"
              >
                <h5
                  className="d-flex justify-content-between"
                >
                  <span>
                    Cogwitzs friend 
                  </span>
                   
                </h5>
                <hr />
                <div
                  className="container"
                >
                  <small>
                    <div
                      className="row"
                    >
                      <div
                        className="col-lg-4"
                      >
                        <dl
                          className="row full-width"
                        >
                          <dt
                            className="col-sm-6"
                          >
                             
                            Age:
                          </dt>
                          <dd
                            className="col-sm-6"
                          >
                             
                            127
                          </dd>
                          <dt
                            className="col-sm-6"
                          >
                             
                            Hair Color:
                          </dt>
                          <dd
                            className="col-sm-6"
                          >
                             
                            Black
                          </dd>
                          <dt
                            className="col-sm-6"
                          >
                             
                            Weight:
                          </dt>
                          <dd
                            className="col-sm-6"
                          >
                             
                            40.075
                          </dd>
                          <dt
                            className="col-sm-6"
                          >
                             
                            Height:
                          </dt>
                          <dd
                            className="col-sm-6"
                          >
                             
                            93.663
                          </dd>
                        </dl>
                      </div>
                      <div
                        className="col-lg-4"
                      >
                        <div
                          className="row full-width"
                        >
                          <b>
                            Professions: 
                          </b>
                           
                          <span>
                            Prospector
                            , 
                          </span>
                          <span>
                             Tinker
                            
                          </span>
                        </div>
                      </div>
                      <div
                        className="col-lg-4"
                      >
                        <div
                          className="row full-width"
                        >
                          <b>
                            Friends: 
                          </b>
                            
                          <span>
                            <a
                              href="/brastlewark/Whitwright Fussbuster"
                              onClick={[Function]}
                            >
                              Whitwright Fussbuster
                            </a>
                            
                          </span>
                        </div>
                      </div>
                    </div>
                  </small>
                </div>
              </div>
            </div>
          </span>
          <br />
        </div>
      </div>
    </div>
  </div>,
]
`;
